// Jest Snapshot v1, https://goo.gl/fbAQLP

exports[`snapshot 1`] = `
<View
  style={
    Object {
      "flex": 1,
    }
  }
>
  <View
    accessibilityIgnoresInvertColors={true}
    style={
      Object {
        "flex": 1,
        "justifyContent": "center",
        "resizeMode": "cover",
      }
    }
  >
    <Image
      blurRadius={3}
      source={
        Object {
          "testUri": "../../../src/images/Trace-3D.png",
        }
      }
      style={
        Array [
          Object {
            "bottom": 0,
            "left": 0,
            "position": "absolute",
            "right": 0,
            "top": 0,
          },
          Object {
            "height": undefined,
            "width": undefined,
          },
          undefined,
        ]
      }
    />
    <View
      accessible={true}
      focusable={true}
      onClick={[Function]}
      onResponderGrant={[Function]}
      onResponderMove={[Function]}
      onResponderRelease={[Function]}
      onResponderTerminate={[Function]}
      onResponderTerminationRequest={[Function]}
      onStartShouldSetResponder={[Function]}
      style={
        Object {
          "alignItems": "center",
          "backgroundColor": "#ff0000",
          "borderRadius": 20,
          "elevation": 1,
          "marginHorizontal": "10%",
          "marginVertical": "5%",
          "opacity": 1,
          "padding": 10,
          "shadowColor": "#000000",
          "shadowOffset": Object {
            "height": 2,
            "width": 0,
          },
          "shadowOpacity": 0.8,
          "shadowRadius": 2,
        }
      }
    >
      <Text
        style={
          Object {
            "color": "#FFFFFF",
            "fontWeight": "bold",
          }
        }
      >
        SIGN IN
      </Text>
    </View>
    <View
      accessible={true}
      focusable={true}
      onClick={[Function]}
      onResponderGrant={[Function]}
      onResponderMove={[Function]}
      onResponderRelease={[Function]}
      onResponderTerminate={[Function]}
      onResponderTerminationRequest={[Function]}
      onStartShouldSetResponder={[Function]}
      style={
        Object {
          "alignItems": "center",
          "backgroundColor": "#ff0000",
          "borderRadius": 20,
          "elevation": 1,
          "marginHorizontal": "10%",
          "marginVertical": "5%",
          "opacity": 1,
          "padding": 10,
          "shadowColor": "#000000",
          "shadowOffset": Object {
            "height": 2,
            "width": 0,
          },
          "shadowOpacity": 0.8,
          "shadowRadius": 2,
        }
      }
    >
      <Text
        style={
          Object {
            "color": "#FFFFFF",
            "fontWeight": "bold",
          }
        }
      >
        SIGN UP
      </Text>
    </View>
  </View>
</View>
`;
